// Jest Snapshot v1, https://goo.gl/fbAQLP

exports[`This is FilmCard Unit test 1`] = `
<article
  className="small-movie-card catalog__movies-card"
  onClick={[Function]}
>
  <div
    className="small-movie-card__image"
    onMouseEnter={[Function]}
    onMouseLeave={[Function]}
  >
    <video
      className="player__video"
      poster="img/somePath"
    />
  </div>
  <h3
    className="small-movie-card__title"
  >
    <a
      className="small-movie-card__link"
      href="movie-page.html"
    >
      The Grand Budapest Hotel
    </a>
  </h3>
</article>
`;
